
> vetsphere-frontend@1.0.0 dev
> ng serve --host 0.0.0.0 --port 4200


Warning: This is a simple server for use in testing or debugging Angular applications
locally. It hasn't been reviewed for security issues.

Binding this server to an open connection can result in compromising your application or
computer. Using a different host than the one passed to the "--host" flag might result in
websocket connection issues. You might need to use "--disable-host-check" if that's the
case.
    
- Generating browser application bundles (phase: setup)...
√ Browser application bundle generation complete.

Initial chunk files   | Names         |  Raw size
main.js               | main          |   3.54 MB | 
polyfills.js          | polyfills     | 263.24 kB | 
styles.css, styles.js | styles        | 201.01 kB | 
runtime.js            | runtime       |   6.47 kB | 

                      | Initial total |   4.00 MB

Build at: 2026-06-09T14:29:02.269Z - Hash: 8e40bf81db253196 - Time: 10923ms

** Angular Live Development Server is listening on 0.0.0.0:4200, open your browser on http://localhost:4200/ **


√ Compiled successfully.
√ Browser application bundle generation complete.



4 unchanged chunks

Build at: 2026-06-09T14:30:24.956Z - Hash: 8e40bf81db253196 - Time: 775ms

√ Compiled successfully.
√ Browser application bundle generation complete.



4 unchanged chunks

Build at: 2026-06-09T14:32:14.397Z - Hash: 8e40bf81db253196 - Time: 487ms

√ Compiled successfully.
√ Browser application bundle generation complete.

Initial chunk files | Names   | Raw size
main.js             | main    |  3.54 MB | 
runtime.js          | runtime |  6.47 kB | 

2 unchanged chunks

Build at: 2026-06-09T14:39:00.092Z - Hash: ec93fd1aedbca3b7 - Time: 1025ms

√ Compiled successfully.
√ Browser application bundle generation complete.

Initial chunk files | Names   | Raw size
main.js             | main    |  3.55 MB | 
runtime.js          | runtime |  6.47 kB | 

2 unchanged chunks

Build at: 2026-06-09T14:39:00.649Z - Hash: b95226934acda4f5 - Time: 525ms

√ Compiled successfully.
√ Browser application bundle generation complete.

Initial chunk files | Names   | Raw size
main.js             | main    |  3.54 MB | 
runtime.js          | runtime |  6.47 kB | 

2 unchanged chunks

Build at: 2026-06-09T14:39:50.349Z - Hash: 4c554409b83cb69d - Time: 334ms

Error: src/app/components/facturacion/facturacion.ts:13:16 - error NG2008: Could not find template file './facturacion.html'.

13   templateUrl: './facturacion.html',
                  ~~~~~~~~~~~~~~~~~~~~




× Failed to compile.
√ Browser application bundle generation complete.

Initial chunk files | Names   | Raw size
main.js             | main    |  3.57 MB | 
runtime.js          | runtime |  6.47 kB | 

2 unchanged chunks

Build at: 2026-06-09T14:39:50.911Z - Hash: 57552289e63d800e - Time: 506ms

√ Compiled successfully.
√ Browser application bundle generation complete.

Initial chunk files | Names   | Raw size
main.js             | main    |  3.59 MB | 
runtime.js          | runtime |  6.47 kB | 

2 unchanged chunks

Build at: 2026-06-09T14:41:16.348Z - Hash: 0d150269d5e74f3b - Time: 699ms

√ Compiled successfully.
√ Browser application bundle generation complete.



4 unchanged chunks

Build at: 2026-06-09T14:41:16.738Z - Hash: 0d150269d5e74f3b - Time: 348ms

√ Compiled successfully.
